// Jest Snapshot v1, https://goo.gl/fbAQLP

exports[`take snap of SearchBox component 1`] = `ShallowWrapper {}`;
