// Jest Snapshot v1, https://goo.gl/fbAQLP

exports[`take snap of Header component 1`] = `ShallowWrapper {}`;
