// Jest Snapshot v1, https://goo.gl/fbAQLP

exports[`take snap of Card component 1`] = `ShallowWrapper {}`;
